Archive member included to satisfy reference by file (symbol)

e:/as/7.0/toolchain/avr8/avr8-gnu-toolchain/bin/../lib/gcc/avr/5.4.0/../../../../avr/lib/avr5\libm.a(addsf3.o)
                              HAL/MOTOR/SERVO/SERVO_interface.o (__subsf3)
e:/as/7.0/toolchain/avr8/avr8-gnu-toolchain/bin/../lib/gcc/avr/5.4.0/../../../../avr/lib/avr5\libm.a(addsf3x.o)
                              e:/as/7.0/toolchain/avr8/avr8-gnu-toolchain/bin/../lib/gcc/avr/5.4.0/../../../../avr/lib/avr5\libm.a(addsf3.o) (__addsf3x)
e:/as/7.0/toolchain/avr8/avr8-gnu-toolchain/bin/../lib/gcc/avr/5.4.0/../../../../avr/lib/avr5\libm.a(cmpsf2.o)
                              APP/Main/main.o (__lesf2)
e:/as/7.0/toolchain/avr8/avr8-gnu-toolchain/bin/../lib/gcc/avr/5.4.0/../../../../avr/lib/avr5\libm.a(divsf3.o)
                              APP/Main/main.o (__divsf3)
e:/as/7.0/toolchain/avr8/avr8-gnu-toolchain/bin/../lib/gcc/avr/5.4.0/../../../../avr/lib/avr5\libm.a(divsf3x.o)
                              e:/as/7.0/toolchain/avr8/avr8-gnu-toolchain/bin/../lib/gcc/avr/5.4.0/../../../../avr/lib/avr5\libm.a(divsf3.o) (__divsf3x)
e:/as/7.0/toolchain/avr8/avr8-gnu-toolchain/bin/../lib/gcc/avr/5.4.0/../../../../avr/lib/avr5\libm.a(fixunssfsi.o)
                              HAL/MOTOR/SERVO/SERVO_interface.o (__fixunssfsi)
e:/as/7.0/toolchain/avr8/avr8-gnu-toolchain/bin/../lib/gcc/avr/5.4.0/../../../../avr/lib/avr5\libm.a(floatsisf.o)
                              HAL/MOTOR/SERVO/SERVO_interface.o (__floatunsisf)
e:/as/7.0/toolchain/avr8/avr8-gnu-toolchain/bin/../lib/gcc/avr/5.4.0/../../../../avr/lib/avr5\libm.a(fp_cmp.o)
                              e:/as/7.0/toolchain/avr8/avr8-gnu-toolchain/bin/../lib/gcc/avr/5.4.0/../../../../avr/lib/avr5\libm.a(cmpsf2.o) (__fp_cmp)
e:/as/7.0/toolchain/avr8/avr8-gnu-toolchain/bin/../lib/gcc/avr/5.4.0/../../../../avr/lib/avr5\libm.a(fp_inf.o)
                              e:/as/7.0/toolchain/avr8/avr8-gnu-toolchain/bin/../lib/gcc/avr/5.4.0/../../../../avr/lib/avr5\libm.a(addsf3x.o) (__fp_inf)
e:/as/7.0/toolchain/avr8/avr8-gnu-toolchain/bin/../lib/gcc/avr/5.4.0/../../../../avr/lib/avr5\libm.a(fp_nan.o)
                              e:/as/7.0/toolchain/avr8/avr8-gnu-toolchain/bin/../lib/gcc/avr/5.4.0/../../../../avr/lib/avr5\libm.a(addsf3x.o) (__fp_nan)
e:/as/7.0/toolchain/avr8/avr8-gnu-toolchain/bin/../lib/gcc/avr/5.4.0/../../../../avr/lib/avr5\libm.a(fp_pscA.o)
                              e:/as/7.0/toolchain/avr8/avr8-gnu-toolchain/bin/../lib/gcc/avr/5.4.0/../../../../avr/lib/avr5\libm.a(addsf3x.o) (__fp_pscA)
e:/as/7.0/toolchain/avr8/avr8-gnu-toolchain/bin/../lib/gcc/avr/5.4.0/../../../../avr/lib/avr5\libm.a(fp_pscB.o)
                              e:/as/7.0/toolchain/avr8/avr8-gnu-toolchain/bin/../lib/gcc/avr/5.4.0/../../../../avr/lib/avr5\libm.a(addsf3x.o) (__fp_pscB)
e:/as/7.0/toolchain/avr8/avr8-gnu-toolchain/bin/../lib/gcc/avr/5.4.0/../../../../avr/lib/avr5\libm.a(fp_round.o)
                              e:/as/7.0/toolchain/avr8/avr8-gnu-toolchain/bin/../lib/gcc/avr/5.4.0/../../../../avr/lib/avr5\libm.a(addsf3.o) (__fp_round)
e:/as/7.0/toolchain/avr8/avr8-gnu-toolchain/bin/../lib/gcc/avr/5.4.0/../../../../avr/lib/avr5\libm.a(fp_split3.o)
                              e:/as/7.0/toolchain/avr8/avr8-gnu-toolchain/bin/../lib/gcc/avr/5.4.0/../../../../avr/lib/avr5\libm.a(addsf3x.o) (__fp_split3)
e:/as/7.0/toolchain/avr8/avr8-gnu-toolchain/bin/../lib/gcc/avr/5.4.0/../../../../avr/lib/avr5\libm.a(fp_zero.o)
                              e:/as/7.0/toolchain/avr8/avr8-gnu-toolchain/bin/../lib/gcc/avr/5.4.0/../../../../avr/lib/avr5\libm.a(addsf3x.o) (__fp_zero)
e:/as/7.0/toolchain/avr8/avr8-gnu-toolchain/bin/../lib/gcc/avr/5.4.0/../../../../avr/lib/avr5\libm.a(gesf2.o)
                              APP/Main/main.o (__gesf2)
e:/as/7.0/toolchain/avr8/avr8-gnu-toolchain/bin/../lib/gcc/avr/5.4.0/../../../../avr/lib/avr5\libm.a(mulsf3.o)
                              HAL/MOTOR/SERVO/SERVO_interface.o (__mulsf3)
e:/as/7.0/toolchain/avr8/avr8-gnu-toolchain/bin/../lib/gcc/avr/5.4.0/../../../../avr/lib/avr5\libm.a(mulsf3x.o)
                              e:/as/7.0/toolchain/avr8/avr8-gnu-toolchain/bin/../lib/gcc/avr/5.4.0/../../../../avr/lib/avr5\libm.a(mulsf3.o) (__mulsf3x)
e:/as/7.0/toolchain/avr8/avr8-gnu-toolchain/bin/../lib/gcc/avr/5.4.0/avr5\libgcc.a(_divmodhi4.o)
                              MCAL/TIMER0/FPWM/FPWM_interface.o (__divmodhi4)
e:/as/7.0/toolchain/avr8/avr8-gnu-toolchain/bin/../lib/gcc/avr/5.4.0/avr5\libgcc.a(_udivmodsi4.o)
                              MCAL/TIMER0/CTC/CTC_interface.o (__udivmodsi4)
e:/as/7.0/toolchain/avr8/avr8-gnu-toolchain/bin/../lib/gcc/avr/5.4.0/avr5\libgcc.a(_exit.o)
                              E:/AS/7.0/Packs/atmel/ATmega_DFP/1.7.374/gcc/dev/atmega32/avr5/crtatmega32.o (exit)
e:/as/7.0/toolchain/avr8/avr8-gnu-toolchain/bin/../lib/gcc/avr/5.4.0/avr5\libgcc.a(_tablejump2.o)
                              MCAL/ADC/ADC_interface.o (__tablejump2__)
e:/as/7.0/toolchain/avr8/avr8-gnu-toolchain/bin/../lib/gcc/avr/5.4.0/avr5\libgcc.a(_copy_data.o)
                              HAL/KEYPAD/KEYPAD_interface.o (__do_copy_data)
e:/as/7.0/toolchain/avr8/avr8-gnu-toolchain/bin/../lib/gcc/avr/5.4.0/avr5\libgcc.a(_clear_bss.o)
                              APP/Main/main.o (__do_clear_bss)
e:/as/7.0/toolchain/avr8/avr8-gnu-toolchain/bin/../lib/gcc/avr/5.4.0/avr5\libgcc.a(_muluhisi3.o)
                              MCAL/TIMER0/CTC/CTC_interface.o (__muluhisi3)
e:/as/7.0/toolchain/avr8/avr8-gnu-toolchain/bin/../lib/gcc/avr/5.4.0/avr5\libgcc.a(_udivmodhi4.o)
                              e:/as/7.0/toolchain/avr8/avr8-gnu-toolchain/bin/../lib/gcc/avr/5.4.0/avr5\libgcc.a(_divmodhi4.o) (__udivmodhi4)
e:/as/7.0/toolchain/avr8/avr8-gnu-toolchain/bin/../lib/gcc/avr/5.4.0/avr5\libgcc.a(_umulhisi3.o)
                              e:/as/7.0/toolchain/avr8/avr8-gnu-toolchain/bin/../lib/gcc/avr/5.4.0/avr5\libgcc.a(_muluhisi3.o) (__umulhisi3)
e:/as/7.0/toolchain/avr8/avr8-gnu-toolchain/bin/../lib/gcc/avr/5.4.0/../../../../avr/lib/avr5\libc.a(ltoa_ncheck.o)
                              HAL/LCD/LCD_interface.o (__ltoa_ncheck)
e:/as/7.0/toolchain/avr8/avr8-gnu-toolchain/bin/../lib/gcc/avr/5.4.0/../../../../avr/lib/avr5\libc.a(ultoa_ncheck.o)
                              e:/as/7.0/toolchain/avr8/avr8-gnu-toolchain/bin/../lib/gcc/avr/5.4.0/../../../../avr/lib/avr5\libc.a(ltoa_ncheck.o) (__ultoa_common)
e:/as/7.0/toolchain/avr8/avr8-gnu-toolchain/bin/../lib/gcc/avr/5.4.0/../../../../avr/lib/avr5\libc.a(strrev.o)
                              e:/as/7.0/toolchain/avr8/avr8-gnu-toolchain/bin/../lib/gcc/avr/5.4.0/../../../../avr/lib/avr5\libc.a(ultoa_ncheck.o) (strrev)

Allocating common symbols
Common symbol       size              file

distance            0x4               HAL/Ultrasonic/Ultrasonic_interface.o
count               0x4               HAL/Ultrasonic/Ultrasonic_interface.o

Discarded input sections

 .data          0x00000000        0x0 E:/AS/7.0/Packs/atmel/ATmega_DFP/1.7.374/gcc/dev/atmega32/avr5/crtatmega32.o
 .bss           0x00000000        0x0 E:/AS/7.0/Packs/atmel/ATmega_DFP/1.7.374/gcc/dev/atmega32/avr5/crtatmega32.o
 .text          0x00000000        0x0 APP/Main/main.o
 .data          0x00000000        0x0 APP/Main/main.o
 .bss           0x00000000        0x0 APP/Main/main.o
 .text          0x00000000        0x0 HAL/7-segment/sevseg_interface.o
 .data          0x00000000        0x0 HAL/7-segment/sevseg_interface.o
 .bss           0x00000000        0x0 HAL/7-segment/sevseg_interface.o
 .text.SEVSEG_intialize
                0x00000000       0x48 HAL/7-segment/sevseg_interface.o
 .text.SEVSEG_Enable1
                0x00000000        0xc HAL/7-segment/sevseg_interface.o
 .text.SEVSEG_Enable2
                0x00000000        0xc HAL/7-segment/sevseg_interface.o
 .text.SEVSEG_Disable1
                0x00000000        0xc HAL/7-segment/sevseg_interface.o
 .text.SEVSEG_Disable2
                0x00000000        0xc HAL/7-segment/sevseg_interface.o
 .text.SEVSEG_DIP_Enable
                0x00000000        0xc HAL/7-segment/sevseg_interface.o
 .text.SEVSEG_DIP_Disable
                0x00000000        0xc HAL/7-segment/sevseg_interface.o
 .text.SEVSEG_unit
                0x00000000       0x38 HAL/7-segment/sevseg_interface.o
 .text.SEVSEG_tenth
                0x00000000       0x2a HAL/7-segment/sevseg_interface.o
 .text.SEVSEG_Display
                0x00000000       0x12 HAL/7-segment/sevseg_interface.o
 .text.SEVSEG_Display_99
                0x00000000       0x3a HAL/7-segment/sevseg_interface.o
 .debug_info    0x00000000      0x57a HAL/7-segment/sevseg_interface.o
 .debug_abbrev  0x00000000      0x162 HAL/7-segment/sevseg_interface.o
 .debug_loc     0x00000000      0x26e HAL/7-segment/sevseg_interface.o
 .debug_aranges
                0x00000000       0x70 HAL/7-segment/sevseg_interface.o
 .debug_ranges  0x00000000       0x78 HAL/7-segment/sevseg_interface.o
 .debug_line    0x00000000      0x2d4 HAL/7-segment/sevseg_interface.o
 .debug_str     0x00000000      0x38c HAL/7-segment/sevseg_interface.o
 .comment       0x00000000       0x31 HAL/7-segment/sevseg_interface.o
 .debug_frame   0x00000000       0xdc HAL/7-segment/sevseg_interface.o
 .text          0x00000000        0x0 HAL/button/button0/button0_interface.o
 .data          0x00000000        0x0 HAL/button/button0/button0_interface.o
 .bss           0x00000000        0x0 HAL/button/button0/button0_interface.o
 .text.BTN0_intialize
                0x00000000       0x14 HAL/button/button0/button0_interface.o
 .text.BTN0_Read
                0x00000000       0x1c HAL/button/button0/button0_interface.o
 .debug_info    0x00000000      0x24f HAL/button/button0/button0_interface.o
 .debug_abbrev  0x00000000      0x134 HAL/button/button0/button0_interface.o
 .debug_loc     0x00000000       0x67 HAL/button/button0/button0_interface.o
 .debug_aranges
                0x00000000       0x28 HAL/button/button0/button0_interface.o
 .debug_ranges  0x00000000       0x18 HAL/button/button0/button0_interface.o
 .debug_line    0x00000000      0x182 HAL/button/button0/button0_interface.o
 .debug_str     0x00000000      0x2fc HAL/button/button0/button0_interface.o
 .comment       0x00000000       0x31 HAL/button/button0/button0_interface.o
 .debug_frame   0x00000000       0x34 HAL/button/button0/button0_interface.o
 .text          0x00000000        0x0 HAL/button/button1/button1_interface.o
 .data          0x00000000        0x0 HAL/button/button1/button1_interface.o
 .bss           0x00000000        0x0 HAL/button/button1/button1_interface.o
 .text.BTN1_intialize
                0x00000000        0xc HAL/button/button1/button1_interface.o
 .text.BTN1_Read
                0x00000000       0x1c HAL/button/button1/button1_interface.o
 .debug_info    0x00000000      0x22a HAL/button/button1/button1_interface.o
 .debug_abbrev  0x00000000      0x127 HAL/button/button1/button1_interface.o
 .debug_loc     0x00000000       0x67 HAL/button/button1/button1_interface.o
 .debug_aranges
                0x00000000       0x28 HAL/button/button1/button1_interface.o
 .debug_ranges  0x00000000       0x18 HAL/button/button1/button1_interface.o
 .debug_line    0x00000000      0x17c HAL/button/button1/button1_interface.o
 .debug_str     0x00000000      0x2ea HAL/button/button1/button1_interface.o
 .comment       0x00000000       0x31 HAL/button/button1/button1_interface.o
 .debug_frame   0x00000000       0x34 HAL/button/button1/button1_interface.o
 .text          0x00000000        0x0 HAL/button/button2/button2_interface.o
 .data          0x00000000        0x0 HAL/button/button2/button2_interface.o
 .bss           0x00000000        0x0 HAL/button/button2/button2_interface.o
 .text.BTN2_intialize
                0x00000000        0xc HAL/button/button2/button2_interface.o
 .text.BTN2_Read
                0x00000000       0x1c HAL/button/button2/button2_interface.o
 .debug_info    0x00000000      0x22a HAL/button/button2/button2_interface.o
 .debug_abbrev  0x00000000      0x127 HAL/button/button2/button2_interface.o
 .debug_loc     0x00000000       0x67 HAL/button/button2/button2_interface.o
 .debug_aranges
                0x00000000       0x28 HAL/button/button2/button2_interface.o
 .debug_ranges  0x00000000       0x18 HAL/button/button2/button2_interface.o
 .debug_line    0x00000000      0x17c HAL/button/button2/button2_interface.o
 .debug_str     0x00000000      0x2ea HAL/button/button2/button2_interface.o
 .comment       0x00000000       0x31 HAL/button/button2/button2_interface.o
 .debug_frame   0x00000000       0x34 HAL/button/button2/button2_interface.o
 .text          0x00000000        0x0 HAL/Buzzer/BUZZER_interface.o
 .data          0x00000000        0x0 HAL/Buzzer/BUZZER_interface.o
 .bss           0x00000000        0x0 HAL/Buzzer/BUZZER_interface.o
 .text.BUZZER_intialize
                0x00000000        0xc HAL/Buzzer/BUZZER_interface.o
 .text.BUZZER_ON
                0x00000000        0xc HAL/Buzzer/BUZZER_interface.o
 .text.BUZZER_OFF
                0x00000000        0xc HAL/Buzzer/BUZZER_interface.o
 .debug_info    0x00000000      0x1c8 HAL/Buzzer/BUZZER_interface.o
 .debug_abbrev  0x00000000       0x87 HAL/Buzzer/BUZZER_interface.o
 .debug_aranges
                0x00000000       0x30 HAL/Buzzer/BUZZER_interface.o
 .debug_ranges  0x00000000       0x20 HAL/Buzzer/BUZZER_interface.o
 .debug_line    0x00000000       0xb4 HAL/Buzzer/BUZZER_interface.o
 .debug_str     0x00000000      0x299 HAL/Buzzer/BUZZER_interface.o
 .comment       0x00000000       0x31 HAL/Buzzer/BUZZER_interface.o
 .debug_frame   0x00000000       0x44 HAL/Buzzer/BUZZER_interface.o
 .text          0x00000000        0x0 HAL/KEYPAD/KEYPAD_interface.o
 .data          0x00000000        0x0 HAL/KEYPAD/KEYPAD_interface.o
 .bss           0x00000000        0x0 HAL/KEYPAD/KEYPAD_interface.o
 .text.KEYPAD_Intialize
                0x00000000       0x9a HAL/KEYPAD/KEYPAD_interface.o
 .text.KEYPAD_Read
                0x00000000       0x36 HAL/KEYPAD/KEYPAD_interface.o
 .rodata.saved  0x00000000       0x10 HAL/KEYPAD/KEYPAD_interface.o
 .debug_info    0x00000000      0x3fa HAL/KEYPAD/KEYPAD_interface.o
 .debug_abbrev  0x00000000      0x17f HAL/KEYPAD/KEYPAD_interface.o
 .debug_loc     0x00000000       0xbc HAL/KEYPAD/KEYPAD_interface.o
 .debug_aranges
                0x00000000       0x28 HAL/KEYPAD/KEYPAD_interface.o
 .debug_ranges  0x00000000       0x18 HAL/KEYPAD/KEYPAD_interface.o
 .debug_line    0x00000000      0x1c1 HAL/KEYPAD/KEYPAD_interface.o
 .debug_str     0x00000000      0x2f7 HAL/KEYPAD/KEYPAD_interface.o
 .comment       0x00000000       0x31 HAL/KEYPAD/KEYPAD_interface.o
 .debug_frame   0x00000000       0x34 HAL/KEYPAD/KEYPAD_interface.o
 .text          0x00000000        0x0 HAL/LCD/LCD_interface.o
 .data          0x00000000        0x0 HAL/LCD/LCD_interface.o
 .bss           0x00000000        0x0 HAL/LCD/LCD_interface.o
 .text.LCD_write_command
                0x00000000       0x82 HAL/LCD/LCD_interface.o
 .text.LCD_intialize
                0x00000000       0x72 HAL/LCD/LCD_interface.o
 .text.LCD_write_character
                0x00000000       0x82 HAL/LCD/LCD_interface.o
 .text.LCD_write_string
                0x00000000       0x38 HAL/LCD/LCD_interface.o
 .text.LCD_write_number
                0x00000000       0x3a HAL/LCD/LCD_interface.o
 .text.LCD_clear
                0x00000000       0x14 HAL/LCD/LCD_interface.o
 .text.LCD_cursor_column
                0x00000000       0x28 HAL/LCD/LCD_interface.o
 .text.LCD_MovingText
                0x00000000       0x80 HAL/LCD/LCD_interface.o
 .debug_info    0x00000000      0x9b4 HAL/LCD/LCD_interface.o
 .debug_abbrev  0x00000000      0x231 HAL/LCD/LCD_interface.o
 .debug_loc     0x00000000      0x5df HAL/LCD/LCD_interface.o
 .debug_aranges
                0x00000000       0x58 HAL/LCD/LCD_interface.o
 .debug_ranges  0x00000000       0x48 HAL/LCD/LCD_interface.o
 .debug_line    0x00000000      0x3c1 HAL/LCD/LCD_interface.o
 .debug_str     0x00000000      0x39f HAL/LCD/LCD_interface.o
 .comment       0x00000000       0x31 HAL/LCD/LCD_interface.o
 .debug_frame   0x00000000       0xf8 HAL/LCD/LCD_interface.o
 .text          0x00000000        0x0 HAL/LED/LEDD_interface.o
 .data          0x00000000        0x0 HAL/LED/LEDD_interface.o
 .bss           0x00000000        0x0 HAL/LED/LEDD_interface.o
 .text.LED_TGL  0x00000000       0x2c HAL/LED/LEDD_interface.o
 .text          0x00000000        0x0 HAL/MOTOR/DC/DC_interface.o
 .data          0x00000000        0x0 HAL/MOTOR/DC/DC_interface.o
 .bss           0x00000000        0x0 HAL/MOTOR/DC/DC_interface.o
 .text          0x00000000        0x0 HAL/MOTOR/SERVO/SERVO_interface.o
 .data          0x00000000        0x0 HAL/MOTOR/SERVO/SERVO_interface.o
 .bss           0x00000000        0x0 HAL/MOTOR/SERVO/SERVO_interface.o
 .text.Servo_Rotate
                0x00000000       0x4a HAL/MOTOR/SERVO/SERVO_interface.o
 .text          0x00000000        0x0 HAL/Ultrasonic/Ultrasonic_interface.o
 .data          0x00000000        0x0 HAL/Ultrasonic/Ultrasonic_interface.o
 .bss           0x00000000        0x0 HAL/Ultrasonic/Ultrasonic_interface.o
 .text.Ultrasonic_intialize
                0x00000000       0x12 HAL/Ultrasonic/Ultrasonic_interface.o
 .text.Ultrasonic_distance
                0x00000000       0x82 HAL/Ultrasonic/Ultrasonic_interface.o
 .debug_info    0x00000000      0x176 HAL/Ultrasonic/Ultrasonic_interface.o
 .debug_abbrev  0x00000000       0xf5 HAL/Ultrasonic/Ultrasonic_interface.o
 .debug_loc     0x00000000       0x45 HAL/Ultrasonic/Ultrasonic_interface.o
 .debug_aranges
                0x00000000       0x28 HAL/Ultrasonic/Ultrasonic_interface.o
 .debug_ranges  0x00000000       0x18 HAL/Ultrasonic/Ultrasonic_interface.o
 .debug_line    0x00000000      0x184 HAL/Ultrasonic/Ultrasonic_interface.o
 .debug_str     0x00000000      0x25a HAL/Ultrasonic/Ultrasonic_interface.o
 .comment       0x00000000       0x31 HAL/Ultrasonic/Ultrasonic_interface.o
 .debug_frame   0x00000000       0x34 HAL/Ultrasonic/Ultrasonic_interface.o
 COMMON         0x00000000        0x8 HAL/Ultrasonic/Ultrasonic_interface.o
 .text          0x00000000        0x0 MCAL/ADC/ADC_interface.o
 .data          0x00000000        0x0 MCAL/ADC/ADC_interface.o
 .bss           0x00000000        0x0 MCAL/ADC/ADC_interface.o
 .text.ADC_intialize
                0x00000000      0x102 MCAL/ADC/ADC_interface.o
 .progmem.gcc_sw_table.ADC_intialize
                0x00000000       0x10 MCAL/ADC/ADC_interface.o
 .text.ADC_Read
                0x00000000       0x5e MCAL/ADC/ADC_interface.o
 .progmem.gcc_sw_table.ADC_Read
                0x00000000       0x10 MCAL/ADC/ADC_interface.o
 .debug_info    0x00000000      0x1be MCAL/ADC/ADC_interface.o
 .debug_abbrev  0x00000000       0xb2 MCAL/ADC/ADC_interface.o
 .debug_loc     0x00000000      0x147 MCAL/ADC/ADC_interface.o
 .debug_aranges
                0x00000000       0x28 MCAL/ADC/ADC_interface.o
 .debug_ranges  0x00000000       0x18 MCAL/ADC/ADC_interface.o
 .debug_line    0x00000000      0x23f MCAL/ADC/ADC_interface.o
 .debug_str     0x00000000      0x2b9 MCAL/ADC/ADC_interface.o
 .comment       0x00000000       0x31 MCAL/ADC/ADC_interface.o
 .debug_frame   0x00000000       0x34 MCAL/ADC/ADC_interface.o
 .text          0x00000000        0x0 MCAL/COMMUNICATION/SPI/SPI_interface.o
 .data          0x00000000        0x0 MCAL/COMMUNICATION/SPI/SPI_interface.o
 .bss           0x00000000        0x0 MCAL/COMMUNICATION/SPI/SPI_interface.o
 .text.SPI_Master_Intialize
                0x00000000       0x1e MCAL/COMMUNICATION/SPI/SPI_interface.o
 .text.SPI_Slave_Intialize
                0x00000000       0x1e MCAL/COMMUNICATION/SPI/SPI_interface.o
 .text.SPI_Transmit
                0x00000000        0x8 MCAL/COMMUNICATION/SPI/SPI_interface.o
 .text.SPI_Receive
                0x00000000        0x8 MCAL/COMMUNICATION/SPI/SPI_interface.o
 .text.SPI_TxRx
                0x00000000        0xa MCAL/COMMUNICATION/SPI/SPI_interface.o
 .text.SPI_SlaveSelect
                0x00000000       0x18 MCAL/COMMUNICATION/SPI/SPI_interface.o
 .debug_info    0x00000000      0x1c2 MCAL/COMMUNICATION/SPI/SPI_interface.o
 .debug_abbrev  0x00000000       0xf1 MCAL/COMMUNICATION/SPI/SPI_interface.o
 .debug_loc     0x00000000       0x40 MCAL/COMMUNICATION/SPI/SPI_interface.o
 .debug_aranges
                0x00000000       0x48 MCAL/COMMUNICATION/SPI/SPI_interface.o
 .debug_ranges  0x00000000       0x38 MCAL/COMMUNICATION/SPI/SPI_interface.o
 .debug_line    0x00000000      0x1b5 MCAL/COMMUNICATION/SPI/SPI_interface.o
 .debug_str     0x00000000      0x2a3 MCAL/COMMUNICATION/SPI/SPI_interface.o
 .comment       0x00000000       0x31 MCAL/COMMUNICATION/SPI/SPI_interface.o
 .debug_frame   0x00000000       0x74 MCAL/COMMUNICATION/SPI/SPI_interface.o
 .text          0x00000000        0x0 MCAL/COMMUNICATION/UART/UART_interface.o
 .data          0x00000000        0x0 MCAL/COMMUNICATION/UART/UART_interface.o
 .bss           0x00000000        0x0 MCAL/COMMUNICATION/UART/UART_interface.o
 .text.UART_intialize
                0x00000000       0x1e MCAL/COMMUNICATION/UART/UART_interface.o
 .text.UART_Transmit
                0x00000000        0x8 MCAL/COMMUNICATION/UART/UART_interface.o
 .text.UART_Receive
                0x00000000        0x8 MCAL/COMMUNICATION/UART/UART_interface.o
 .debug_info    0x00000000      0x1e2 MCAL/COMMUNICATION/UART/UART_interface.o
 .debug_abbrev  0x00000000       0xca MCAL/COMMUNICATION/UART/UART_interface.o
 .debug_loc     0x00000000       0x21 MCAL/COMMUNICATION/UART/UART_interface.o
 .debug_aranges
                0x00000000       0x30 MCAL/COMMUNICATION/UART/UART_interface.o
 .debug_ranges  0x00000000       0x20 MCAL/COMMUNICATION/UART/UART_interface.o
 .debug_line    0x00000000      0x150 MCAL/COMMUNICATION/UART/UART_interface.o
 .debug_str     0x00000000      0x2a2 MCAL/COMMUNICATION/UART/UART_interface.o
 .comment       0x00000000       0x31 MCAL/COMMUNICATION/UART/UART_interface.o
 .debug_frame   0x00000000       0x44 MCAL/COMMUNICATION/UART/UART_interface.o
 .text          0x00000000        0x0 MCAL/DIO/DIO_interface.o
 .data          0x00000000        0x0 MCAL/DIO/DIO_interface.o
 .bss           0x00000000        0x0 MCAL/DIO/DIO_interface.o
 .text.DIO_TGL_PinValue
                0x00000000       0x68 MCAL/DIO/DIO_interface.o
 .text.DIO_Read_PinValue
                0x00000000       0x5c MCAL/DIO/DIO_interface.o
 .text.DIO_SET_PinPullUp
                0x00000000       0x68 MCAL/DIO/DIO_interface.o
 .text          0x00000000        0x0 MCAL/Interrupt/Interrupt_interface.o
 .data          0x00000000        0x0 MCAL/Interrupt/Interrupt_interface.o
 .bss           0x00000000        0x0 MCAL/Interrupt/Interrupt_interface.o
 .text.ExternalInterrupt_intialize
                0x00000000       0xb2 MCAL/Interrupt/Interrupt_interface.o
 .debug_info    0x00000000      0x116 MCAL/Interrupt/Interrupt_interface.o
 .debug_abbrev  0x00000000       0x90 MCAL/Interrupt/Interrupt_interface.o
 .debug_loc     0x00000000       0xd0 MCAL/Interrupt/Interrupt_interface.o
 .debug_aranges
                0x00000000       0x20 MCAL/Interrupt/Interrupt_interface.o
 .debug_ranges  0x00000000       0x10 MCAL/Interrupt/Interrupt_interface.o
 .debug_line    0x00000000      0x16a MCAL/Interrupt/Interrupt_interface.o
 .debug_str     0x00000000      0x23b MCAL/Interrupt/Interrupt_interface.o
 .comment       0x00000000       0x31 MCAL/Interrupt/Interrupt_interface.o
 .debug_frame   0x00000000       0x24 MCAL/Interrupt/Interrupt_interface.o
 .text          0x00000000        0x0 MCAL/TIMER0/CTC/CTC_interface.o
 .data          0x00000000        0x0 MCAL/TIMER0/CTC/CTC_interface.o
 .bss           0x00000000        0x0 MCAL/TIMER0/CTC/CTC_interface.o
 .text.TIMER0_CTC_Intialize
                0x00000000       0x48 MCAL/TIMER0/CTC/CTC_interface.o
 .text.TIMER0_CTC_Stop
                0x00000000       0x14 MCAL/TIMER0/CTC/CTC_interface.o
 .text.TIMER0_CTC_delay_without_interrupt_empty_loop
                0x00000000       0x3c MCAL/TIMER0/CTC/CTC_interface.o
 .text.TIMER0_CTC_Delay
                0x00000000       0x94 MCAL/TIMER0/CTC/CTC_interface.o
 .bss.CTC_NO    0x00000000        0x4 MCAL/TIMER0/CTC/CTC_interface.o
 .bss.intial_value_CTC
                0x00000000        0x1 MCAL/TIMER0/CTC/CTC_interface.o
 .debug_info    0x00000000      0x1a3 MCAL/TIMER0/CTC/CTC_interface.o
 .debug_abbrev  0x00000000       0xf5 MCAL/TIMER0/CTC/CTC_interface.o
 .debug_loc     0x00000000      0x153 MCAL/TIMER0/CTC/CTC_interface.o
 .debug_aranges
                0x00000000       0x38 MCAL/TIMER0/CTC/CTC_interface.o
 .debug_ranges  0x00000000       0x28 MCAL/TIMER0/CTC/CTC_interface.o
 .debug_line    0x00000000      0x193 MCAL/TIMER0/CTC/CTC_interface.o
 .debug_str     0x00000000      0x2a1 MCAL/TIMER0/CTC/CTC_interface.o
 .comment       0x00000000       0x31 MCAL/TIMER0/CTC/CTC_interface.o
 .debug_frame   0x00000000       0x68 MCAL/TIMER0/CTC/CTC_interface.o
 .text          0x00000000        0x0 MCAL/TIMER0/FPWM/FPWM_interface.o
 .data          0x00000000        0x0 MCAL/TIMER0/FPWM/FPWM_interface.o
 .bss           0x00000000        0x0 MCAL/TIMER0/FPWM/FPWM_interface.o
 .text.F_PWM_Intialize
                0x00000000       0x26 MCAL/TIMER0/FPWM/FPWM_interface.o
 .text.F_PWM_Stop
                0x00000000       0x14 MCAL/TIMER0/FPWM/FPWM_interface.o
 .text.F_PWM_SET_DutyCycle
                0x00000000       0x56 MCAL/TIMER0/FPWM/FPWM_interface.o
 .debug_info    0x00000000      0x14c MCAL/TIMER0/FPWM/FPWM_interface.o
 .debug_abbrev  0x00000000       0xaa MCAL/TIMER0/FPWM/FPWM_interface.o
 .debug_loc     0x00000000       0xa8 MCAL/TIMER0/FPWM/FPWM_interface.o
 .debug_aranges
                0x00000000       0x30 MCAL/TIMER0/FPWM/FPWM_interface.o
 .debug_ranges  0x00000000       0x20 MCAL/TIMER0/FPWM/FPWM_interface.o
 .debug_line    0x00000000      0x141 MCAL/TIMER0/FPWM/FPWM_interface.o
 .debug_str     0x00000000      0x261 MCAL/TIMER0/FPWM/FPWM_interface.o
 .comment       0x00000000       0x31 MCAL/TIMER0/FPWM/FPWM_interface.o
 .debug_frame   0x00000000       0x44 MCAL/TIMER0/FPWM/FPWM_interface.o
 .text          0x00000000        0x0 MCAL/TIMER0/OVF/OVF_interface.o
 .data          0x00000000        0x0 MCAL/TIMER0/OVF/OVF_interface.o
 .bss           0x00000000        0x0 MCAL/TIMER0/OVF/OVF_interface.o
 .text.TIMER0_OVF_Intialize
                0x00000000       0x48 MCAL/TIMER0/OVF/OVF_interface.o
 .text.TIMER0_OVF_Stop
                0x00000000       0x14 MCAL/TIMER0/OVF/OVF_interface.o
 .text.TIMER0_OVF_delay_without_interrupt_empty_loop
                0x00000000       0x3c MCAL/TIMER0/OVF/OVF_interface.o
 .text.TIMER0_OVF_Delay
                0x00000000       0x90 MCAL/TIMER0/OVF/OVF_interface.o
 .bss.OVF_NO    0x00000000        0x4 MCAL/TIMER0/OVF/OVF_interface.o
 .bss.intial_value
                0x00000000        0x1 MCAL/TIMER0/OVF/OVF_interface.o
 .debug_info    0x00000000      0x19d MCAL/TIMER0/OVF/OVF_interface.o
 .debug_abbrev  0x00000000       0xf5 MCAL/TIMER0/OVF/OVF_interface.o
 .debug_loc     0x00000000       0xcf MCAL/TIMER0/OVF/OVF_interface.o
 .debug_aranges
                0x00000000       0x38 MCAL/TIMER0/OVF/OVF_interface.o
 .debug_ranges  0x00000000       0x28 MCAL/TIMER0/OVF/OVF_interface.o
 .debug_line    0x00000000      0x191 MCAL/TIMER0/OVF/OVF_interface.o
 .debug_str     0x00000000      0x296 MCAL/TIMER0/OVF/OVF_interface.o
 .comment       0x00000000       0x31 MCAL/TIMER0/OVF/OVF_interface.o
 .debug_frame   0x00000000       0x60 MCAL/TIMER0/OVF/OVF_interface.o
 .text          0x00000000        0x0 MCAL/TIMER0/WDIT/WDT_interface.o
 .data          0x00000000        0x0 MCAL/TIMER0/WDIT/WDT_interface.o
 .bss           0x00000000        0x0 MCAL/TIMER0/WDIT/WDT_interface.o
 .text.WDT_intialize
                0x00000000       0x24 MCAL/TIMER0/WDIT/WDT_interface.o
 .text.WDT_refresh
                0x00000000        0x4 MCAL/TIMER0/WDIT/WDT_interface.o
 .debug_info    0x00000000      0x111 MCAL/TIMER0/WDIT/WDT_interface.o
 .debug_abbrev  0x00000000       0x92 MCAL/TIMER0/WDIT/WDT_interface.o
 .debug_loc     0x00000000       0x21 MCAL/TIMER0/WDIT/WDT_interface.o
 .debug_aranges
                0x00000000       0x28 MCAL/TIMER0/WDIT/WDT_interface.o
 .debug_ranges  0x00000000       0x18 MCAL/TIMER0/WDIT/WDT_interface.o
 .debug_line    0x00000000       0xe6 MCAL/TIMER0/WDIT/WDT_interface.o
 .debug_str     0x00000000      0x24b MCAL/TIMER0/WDIT/WDT_interface.o
 .comment       0x00000000       0x31 MCAL/TIMER0/WDIT/WDT_interface.o
 .debug_frame   0x00000000       0x34 MCAL/TIMER0/WDIT/WDT_interface.o
 .text          0x00000000        0x0 MCAL/TIMER1/TIMER1_interface.o
 .data          0x00000000        0x0 MCAL/TIMER1/TIMER1_interface.o
 .bss           0x00000000        0x0 MCAL/TIMER1/TIMER1_interface.o
 .text.TIMER1_OVF_Intialize
                0x00000000       0x38 MCAL/TIMER1/TIMER1_interface.o
 .text.TIMER1_EDGE_SELECT
                0x00000000       0x18 MCAL/TIMER1/TIMER1_interface.o
 .text.TIMER1_OVF_Stop
                0x00000000       0x14 MCAL/TIMER1/TIMER1_interface.o
 .text.TIMER1_OVF_delay_without_interrupt_empty_loop
                0x00000000       0x3c MCAL/TIMER1/TIMER1_interface.o
 .text.TIMER1_OVF_Delay
                0x00000000       0x7a MCAL/TIMER1/TIMER1_interface.o
 .text.TIMER1_OVF_DISTANCE_BETWEEN_RISE_FALL
                0x00000000       0x4e MCAL/TIMER1/TIMER1_interface.o
 .bss.OVF1_NO   0x00000000        0x4 MCAL/TIMER1/TIMER1_interface.o
 .bss.intial_value1
                0x00000000        0x1 MCAL/TIMER1/TIMER1_interface.o
 .debug_info    0x00000000      0x262 MCAL/TIMER1/TIMER1_interface.o
 .debug_abbrev  0x00000000      0x12c MCAL/TIMER1/TIMER1_interface.o
 .debug_loc     0x00000000      0x155 MCAL/TIMER1/TIMER1_interface.o
 .debug_aranges
                0x00000000       0x48 MCAL/TIMER1/TIMER1_interface.o
 .debug_ranges  0x00000000       0x38 MCAL/TIMER1/TIMER1_interface.o
 .debug_line    0x00000000      0x21a MCAL/TIMER1/TIMER1_interface.o
 .debug_str     0x00000000      0x316 MCAL/TIMER1/TIMER1_interface.o
 .comment       0x00000000       0x31 MCAL/TIMER1/TIMER1_interface.o
 .debug_frame   0x00000000       0x74 MCAL/TIMER1/TIMER1_interface.o
 .text          0x00000000        0x0 e:/as/7.0/toolchain/avr8/avr8-gnu-toolchain/bin/../lib/gcc/avr/5.4.0/../../../../avr/lib/avr5\libm.a(addsf3.o)
 .data          0x00000000        0x0 e:/as/7.0/toolchain/avr8/avr8-gnu-toolchain/bin/../lib/gcc/avr/5.4.0/../../../../avr/lib/avr5\libm.a(addsf3.o)
 .bss           0x00000000        0x0 e:/as/7.0/toolchain/avr8/avr8-gnu-toolchain/bin/../lib/gcc/avr/5.4.0/../../../../avr/lib/avr5\libm.a(addsf3.o)
 .text.avr-libc.fplib
                0x00000000        0xe e:/as/7.0/toolchain/avr8/avr8-gnu-toolchain/bin/../lib/gcc/avr/5.4.0/../../../../avr/lib/avr5\libm.a(addsf3.o)
 .text          0x00000000        0x0 e:/as/7.0/toolchain/avr8/avr8-gnu-toolchain/bin/../lib/gcc/avr/5.4.0/../../../../avr/lib/avr5\libm.a(addsf3x.o)
 .data          0x00000000        0x0 e:/as/7.0/toolchain/avr8/avr8-gnu-toolchain/bin/../lib/gcc/avr/5.4.0/../../../../avr/lib/avr5\libm.a(addsf3x.o)
 .bss           0x00000000        0x0 e:/as/7.0/toolchain/avr8/avr8-gnu-toolchain/bin/../lib/gcc/avr/5.4.0/../../../../avr/lib/avr5\libm.a(addsf3x.o)
 .text.avr-libc.fplib
                0x00000000       0xcc e:/as/7.0/toolchain/avr8/avr8-gnu-toolchain/bin/../lib/gcc/avr/5.4.0/../../../../avr/lib/avr5\libm.a(addsf3x.o)
 .text          0x00000000        0x0 e:/as/7.0/toolchain/avr8/avr8-gnu-toolchain/bin/../lib/gcc/avr/5.4.0/../../../../avr/lib/avr5\libm.a(cmpsf2.o)
 .data          0x00000000        0x0 e:/as/7.0/toolchain/avr8/avr8-gnu-toolchain/bin/../lib/gcc/avr/5.4.0/../../../../avr/lib/avr5\libm.a(cmpsf2.o)
 .bss           0x00000000        0x0 e:/as/7.0/toolchain/avr8/avr8-gnu-toolchain/bin/../lib/gcc/avr/5.4.0/../../../../avr/lib/avr5\libm.a(cmpsf2.o)
 .text          0x00000000        0x0 e:/as/7.0/toolchain/avr8/avr8-gnu-toolchain/bin/../lib/gcc/avr/5.4.0/../../../../avr/lib/avr5\libm.a(divsf3.o)
 .data          0x00000000        0x0 e:/as/7.0/toolchain/avr8/avr8-gnu-toolchain/bin/../lib/gcc/avr/5.4.0/../../../../avr/lib/avr5\libm.a(divsf3.o)
 .bss           0x00000000        0x0 e:/as/7.0/toolchain/avr8/avr8-gnu-toolchain/bin/../lib/gcc/avr/5.4.0/../../../../avr/lib/avr5\libm.a(divsf3.o)
 .text          0x00000000        0x0 e:/as/7.0/toolchain/avr8/avr8-gnu-toolchain/bin/../lib/gcc/avr/5.4.0/../../../../avr/lib/avr5\libm.a(divsf3x.o)
 .data          0x00000000        0x0 e:/as/7.0/toolchain/avr8/avr8-gnu-toolchain/bin/../lib/gcc/avr/5.4.0/../../../../avr/lib/avr5\libm.a(divsf3x.o)
 .bss           0x00000000        0x0 e:/as/7.0/toolchain/avr8/avr8-gnu-toolchain/bin/../lib/gcc/avr/5.4.0/../../../../avr/lib/avr5\libm.a(divsf3x.o)
 .text          0x00000000        0x0 e:/as/7.0/toolchain/avr8/avr8-gnu-toolchain/bin/../lib/gcc/avr/5.4.0/../../../../avr/lib/avr5\libm.a(fixunssfsi.o)
 .data          0x00000000        0x0 e:/as/7.0/toolchain/avr8/avr8-gnu-toolchain/bin/../lib/gcc/avr/5.4.0/../../../../avr/lib/avr5\libm.a(fixunssfsi.o)
 .bss           0x00000000        0x0 e:/as/7.0/toolchain/avr8/avr8-gnu-toolchain/bin/../lib/gcc/avr/5.4.0/../../../../avr/lib/avr5\libm.a(fixunssfsi.o)
 .text.avr-libc.fplib
                0x00000000       0x5e e:/as/7.0/toolchain/avr8/avr8-gnu-toolchain/bin/../lib/gcc/avr/5.4.0/../../../../avr/lib/avr5\libm.a(fixunssfsi.o)
 .text          0x00000000        0x0 e:/as/7.0/toolchain/avr8/avr8-gnu-toolchain/bin/../lib/gcc/avr/5.4.0/../../../../avr/lib/avr5\libm.a(floatsisf.o)
 .data          0x00000000        0x0 e:/as/7.0/toolchain/avr8/avr8-gnu-toolchain/bin/../lib/gcc/avr/5.4.0/../../../../avr/lib/avr5\libm.a(floatsisf.o)
 .bss           0x00000000        0x0 e:/as/7.0/toolchain/avr8/avr8-gnu-toolchain/bin/../lib/gcc/avr/5.4.0/../../../../avr/lib/avr5\libm.a(floatsisf.o)
 .text          0x00000000        0x0 e:/as/7.0/toolchain/avr8/avr8-gnu-toolchain/bin/../lib/gcc/avr/5.4.0/../../../../avr/lib/avr5\libm.a(fp_cmp.o)
 .data          0x00000000        0x0 e:/as/7.0/toolchain/avr8/avr8-gnu-toolchain/bin/../lib/gcc/avr/5.4.0/../../../../avr/lib/avr5\libm.a(fp_cmp.o)
 .bss           0x00000000        0x0 e:/as/7.0/toolchain/avr8/avr8-gnu-toolchain/bin/../lib/gcc/avr/5.4.0/../../../../avr/lib/avr5\libm.a(fp_cmp.o)
 .text          0x00000000        0x0 e:/as/7.0/toolchain/avr8/avr8-gnu-toolchain/bin/../lib/gcc/avr/5.4.0/../../../../avr/lib/avr5\libm.a(fp_inf.o)
 .data          0x00000000        0x0 e:/as/7.0/toolchain/avr8/avr8-gnu-toolchain/bin/../lib/gcc/avr/5.4.0/../../../../avr/lib/avr5\libm.a(fp_inf.o)
 .bss           0x00000000        0x0 e:/as/7.0/toolchain/avr8/avr8-gnu-toolchain/bin/../lib/gcc/avr/5.4.0/../../../../avr/lib/avr5\libm.a(fp_inf.o)
 .text          0x00000000        0x0 e:/as/7.0/toolchain/avr8/avr8-gnu-toolchain/bin/../lib/gcc/avr/5.4.0/../../../../avr/lib/avr5\libm.a(fp_nan.o)
 .data          0x00000000        0x0 e:/as/7.0/toolchain/avr8/avr8-gnu-toolchain/bin/../lib/gcc/avr/5.4.0/../../../../avr/lib/avr5\libm.a(fp_nan.o)
 .bss           0x00000000        0x0 e:/as/7.0/toolchain/avr8/avr8-gnu-toolchain/bin/../lib/gcc/avr/5.4.0/../../../../avr/lib/avr5\libm.a(fp_nan.o)
 .text          0x00000000        0x0 e:/as/7.0/toolchain/avr8/avr8-gnu-toolchain/bin/../lib/gcc/avr/5.4.0/../../../../avr/lib/avr5\libm.a(fp_pscA.o)
 .data          0x00000000        0x0 e:/as/7.0/toolchain/avr8/avr8-gnu-toolchain/bin/../lib/gcc/avr/5.4.0/../../../../avr/lib/avr5\libm.a(fp_pscA.o)
 .bss           0x00000000        0x0 e:/as/7.0/toolchain/avr8/avr8-gnu-toolchain/bin/../lib/gcc/avr/5.4.0/../../../../avr/lib/avr5\libm.a(fp_pscA.o)
 .text          0x00000000        0x0 e:/as/7.0/toolchain/avr8/avr8-gnu-toolchain/bin/../lib/gcc/avr/5.4.0/../../../../avr/lib/avr5\libm.a(fp_pscB.o)
 .data          0x00000000        0x0 e:/as/7.0/toolchain/avr8/avr8-gnu-toolchain/bin/../lib/gcc/avr/5.4.0/../../../../avr/lib/avr5\libm.a(fp_pscB.o)
 .bss           0x00000000        0x0 e:/as/7.0/toolchain/avr8/avr8-gnu-toolchain/bin/../lib/gcc/avr/5.4.0/../../../../avr/lib/avr5\libm.a(fp_pscB.o)
 .text          0x00000000        0x0 e:/as/7.0/toolchain/avr8/avr8-gnu-toolchain/bin/../lib/gcc/avr/5.4.0/../../../../avr/lib/avr5\libm.a(fp_round.o)
 .data          0x00000000        0x0 e:/as/7.0/toolchain/avr8/avr8-gnu-toolchain/bin/../lib/gcc/avr/5.4.0/../../../../avr/lib/avr5\libm.a(fp_round.o)
 .bss           0x00000000        0x0 e:/as/7.0/toolchain/avr8/avr8-gnu-toolchain/bin/../lib/gcc/avr/5.4.0/../../../../avr/lib/avr5\libm.a(fp_round.o)
 .text          0x00000000        0x0 e:/as/7.0/toolchain/avr8/avr8-gnu-toolchain/bin/../lib/gcc/avr/5.4.0/../../../../avr/lib/avr5\libm.a(fp_split3.o)
 .data          0x00000000        0x0 e:/as/7.0/toolchain/avr8/avr8-gnu-toolchain/bin/../lib/gcc/avr/5.4.0/../../../../avr/lib/avr5\libm.a(fp_split3.o)
 .bss           0x00000000        0x0 e:/as/7.0/toolchain/avr8/avr8-gnu-toolchain/bin/../lib/gcc/avr/5.4.0/../../../../avr/lib/avr5\libm.a(fp_split3.o)
 .text          0x00000000        0x0 e:/as/7.0/toolchain/avr8/avr8-gnu-toolchain/bin/../lib/gcc/avr/5.4.0/../../../../avr/lib/avr5\libm.a(fp_zero.o)
 .data          0x00000000        0x0 e:/as/7.0/toolchain/avr8/avr8-gnu-toolchain/bin/../lib/gcc/avr/5.4.0/../../../../avr/lib/avr5\libm.a(fp_zero.o)
 .bss           0x00000000        0x0 e:/as/7.0/toolchain/avr8/avr8-gnu-toolchain/bin/../lib/gcc/avr/5.4.0/../../../../avr/lib/avr5\libm.a(fp_zero.o)
 .text          0x00000000        0x0 e:/as/7.0/toolchain/avr8/avr8-gnu-toolchain/bin/../lib/gcc/avr/5.4.0/../../../../avr/lib/avr5\libm.a(gesf2.o)
 .data          0x00000000        0x0 e:/as/7.0/toolchain/avr8/avr8-gnu-toolchain/bin/../lib/gcc/avr/5.4.0/../../../../avr/lib/avr5\libm.a(gesf2.o)
 .bss           0x00000000        0x0 e:/as/7.0/toolchain/avr8/avr8-gnu-toolchain/bin/../lib/gcc/avr/5.4.0/../../../../avr/lib/avr5\libm.a(gesf2.o)
 .text          0x00000000        0x0 e:/as/7.0/toolchain/avr8/avr8-gnu-toolchain/bin/../lib/gcc/avr/5.4.0/../../../../avr/lib/avr5\libm.a(mulsf3.o)
 .data          0x00000000        0x0 e:/as/7.0/toolchain/avr8/avr8-gnu-toolchain/bin/../lib/gcc/avr/5.4.0/../../../../avr/lib/avr5\libm.a(mulsf3.o)
 .bss           0x00000000        0x0 e:/as/7.0/toolchain/avr8/avr8-gnu-toolchain/bin/../lib/gcc/avr/5.4.0/../../../../avr/lib/avr5\libm.a(mulsf3.o)
 .text.avr-libc.fplib
                0x00000000        0x8 e:/as/7.0/toolchain/avr8/avr8-gnu-toolchain/bin/../lib/gcc/avr/5.4.0/../../../../avr/lib/avr5\libm.a(mulsf3.o)
 .text          0x00000000        0x0 e:/as/7.0/toolchain/avr8/avr8-gnu-toolchain/bin/../lib/gcc/avr/5.4.0/../../../../avr/lib/avr5\libm.a(mulsf3x.o)
 .data          0x00000000        0x0 e:/as/7.0/toolchain/avr8/avr8-gnu-toolchain/bin/../lib/gcc/avr/5.4.0/../../../../avr/lib/avr5\libm.a(mulsf3x.o)
 .bss           0x00000000        0x0 e:/as/7.0/toolchain/avr8/avr8-gnu-toolchain/bin/../lib/gcc/avr/5.4.0/../../../../avr/lib/avr5\libm.a(mulsf3x.o)
 .text.avr-libc.fplib
                0x00000000       0xd2 e:/as/7.0/toolchain/avr8/avr8-gnu-toolchain/bin/../lib/gcc/avr/5.4.0/../../../../avr/lib/avr5\libm.a(mulsf3x.o)
 .text          0x00000000        0x0 e:/as/7.0/toolchain/avr8/avr8-gnu-toolchain/bin/../lib/gcc/avr/5.4.0/avr5\libgcc.a(_divmodhi4.o)
 .data          0x00000000        0x0 e:/as/7.0/toolchain/avr8/avr8-gnu-toolchain/bin/../lib/gcc/avr/5.4.0/avr5\libgcc.a(_divmodhi4.o)
 .bss           0x00000000        0x0 e:/as/7.0/toolchain/avr8/avr8-gnu-toolchain/bin/../lib/gcc/avr/5.4.0/avr5\libgcc.a(_divmodhi4.o)
 .text.libgcc.mul
                0x00000000        0x0 e:/as/7.0/toolchain/avr8/avr8-gnu-toolchain/bin/../lib/gcc/avr/5.4.0/avr5\libgcc.a(_divmodhi4.o)
 .text.libgcc.div
                0x00000000       0x28 e:/as/7.0/toolchain/avr8/avr8-gnu-toolchain/bin/../lib/gcc/avr/5.4.0/avr5\libgcc.a(_divmodhi4.o)
 .text.libgcc   0x00000000        0x0 e:/as/7.0/toolchain/avr8/avr8-gnu-toolchain/bin/../lib/gcc/avr/5.4.0/avr5\libgcc.a(_divmodhi4.o)
 .text.libgcc.prologue
                0x00000000        0x0 e:/as/7.0/toolchain/avr8/avr8-gnu-toolchain/bin/../lib/gcc/avr/5.4.0/avr5\libgcc.a(_divmodhi4.o)
 .text.libgcc.builtins
                0x00000000        0x0 e:/as/7.0/toolchain/avr8/avr8-gnu-toolchain/bin/../lib/gcc/avr/5.4.0/avr5\libgcc.a(_divmodhi4.o)
 .text.libgcc.fmul
                0x00000000        0x0 e:/as/7.0/toolchain/avr8/avr8-gnu-toolchain/bin/../lib/gcc/avr/5.4.0/avr5\libgcc.a(_divmodhi4.o)
 .text.libgcc.fixed
                0x00000000        0x0 e:/as/7.0/toolchain/avr8/avr8-gnu-toolchain/bin/../lib/gcc/avr/5.4.0/avr5\libgcc.a(_divmodhi4.o)
 .text          0x00000000        0x0 e:/as/7.0/toolchain/avr8/avr8-gnu-toolchain/bin/../lib/gcc/avr/5.4.0/avr5\libgcc.a(_udivmodsi4.o)
 .data          0x00000000        0x0 e:/as/7.0/toolchain/avr8/avr8-gnu-toolchain/bin/../lib/gcc/avr/5.4.0/avr5\libgcc.a(_udivmodsi4.o)
 .bss           0x00000000        0x0 e:/as/7.0/toolchain/avr8/avr8-gnu-toolchain/bin/../lib/gcc/avr/5.4.0/avr5\libgcc.a(_udivmodsi4.o)
 .text.libgcc.mul
                0x00000000        0x0 e:/as/7.0/toolchain/avr8/avr8-gnu-toolchain/bin/../lib/gcc/avr/5.4.0/avr5\libgcc.a(_udivmodsi4.o)
 .text.libgcc.div
                0x00000000       0x44 e:/as/7.0/toolchain/avr8/avr8-gnu-toolchain/bin/../lib/gcc/avr/5.4.0/avr5\libgcc.a(_udivmodsi4.o)
 .text.libgcc   0x00000000        0x0 e:/as/7.0/toolchain/avr8/avr8-gnu-toolchain/bin/../lib/gcc/avr/5.4.0/avr5\libgcc.a(_udivmodsi4.o)
 .text.libgcc.prologue
                0x00000000        0x0 e:/as/7.0/toolchain/avr8/avr8-gnu-toolchain/bin/../lib/gcc/avr/5.4.0/avr5\libgcc.a(_udivmodsi4.o)
 .text.libgcc.builtins
                0x00000000        0x0 e:/as/7.0/toolchain/avr8/avr8-gnu-toolchain/bin/../lib/gcc/avr/5.4.0/avr5\libgcc.a(_udivmodsi4.o)
 .text.libgcc.fmul
                0x00000000        0x0 e:/as/7.0/toolchain/avr8/avr8-gnu-toolchain/bin/../lib/gcc/avr/5.4.0/avr5\libgcc.a(_udivmodsi4.o)
 .text.libgcc.fixed
                0x00000000        0x0 e:/as/7.0/toolchain/avr8/avr8-gnu-toolchain/bin/../lib/gcc/avr/5.4.0/avr5\libgcc.a(_udivmodsi4.o)
 .text          0x00000000        0x0 e:/as/7.0/toolchain/avr8/avr8-gnu-toolchain/bin/../lib/gcc/avr/5.4.0/avr5\libgcc.a(_exit.o)
 .data          0x00000000        0x0 e:/as/7.0/toolchain/avr8/avr8-gnu-toolchain/bin/../lib/gcc/avr/5.4.0/avr5\libgcc.a(_exit.o)
 .bss           0x00000000        0x0 e:/as/7.0/toolchain/avr8/avr8-gnu-toolchain/bin/../lib/gcc/avr/5.4.0/avr5\libgcc.a(_exit.o)
 .text.libgcc.mul
                0x00000000        0x0 e:/as/7.0/toolchain/avr8/avr8-gnu-toolchain/bin/../lib/gcc/avr/5.4.0/avr5\libgcc.a(_exit.o)
 .text.libgcc.div
                0x00000000        0x0 e:/as/7.0/toolchain/avr8/avr8-gnu-toolchain/bin/../lib/gcc/avr/5.4.0/avr5\libgcc.a(_exit.o)
 .text.libgcc   0x00000000        0x0 e:/as/7.0/toolchain/avr8/avr8-gnu-toolchain/bin/../lib/gcc/avr/5.4.0/avr5\libgcc.a(_exit.o)
 .text.libgcc.prologue
                0x00000000        0x0 e:/as/7.0/toolchain/avr8/avr8-gnu-toolchain/bin/../lib/gcc/avr/5.4.0/avr5\libgcc.a(_exit.o)
 .text.libgcc.builtins
                0x00000000        0x0 e:/as/7.0/toolchain/avr8/avr8-gnu-toolchain/bin/../lib/gcc/avr/5.4.0/avr5\libgcc.a(_exit.o)
 .text.libgcc.fmul
                0x00000000        0x0 e:/as/7.0/toolchain/avr8/avr8-gnu-toolchain/bin/../lib/gcc/avr/5.4.0/avr5\libgcc.a(_exit.o)
 .text.libgcc.fixed
                0x00000000        0x0 e:/as/7.0/toolchain/avr8/avr8-gnu-toolchain/bin/../lib/gcc/avr/5.4.0/avr5\libgcc.a(_exit.o)
 .text          0x00000000        0x0 e:/as/7.0/toolchain/avr8/avr8-gnu-toolchain/bin/../lib/gcc/avr/5.4.0/avr5\libgcc.a(_tablejump2.o)
 .data          0x00000000        0x0 e:/as/7.0/toolchain/avr8/avr8-gnu-toolchain/bin/../lib/gcc/avr/5.4.0/avr5\libgcc.a(_tablejump2.o)
 .bss           0x00000000        0x0 e:/as/7.0/toolchain/avr8/avr8-gnu-toolchain/bin/../lib/gcc/avr/5.4.0/avr5\libgcc.a(_tablejump2.o)
 .text.libgcc.mul
                0x00000000        0x0 e:/as/7.0/toolchain/avr8/avr8-gnu-toolchain/bin/../lib/gcc/avr/5.4.0/avr5\libgcc.a(_tablejump2.o)
 .text.libgcc.div
                0x00000000        0x0 e:/as/7.0/toolchain/avr8/avr8-gnu-toolchain/bin/../lib/gcc/avr/5.4.0/avr5\libgcc.a(_tablejump2.o)
 .text.libgcc   0x00000000        0xc e:/as/7.0/toolchain/avr8/avr8-gnu-toolchain/bin/../lib/gcc/avr/5.4.0/avr5\libgcc.a(_tablejump2.o)
 .text.libgcc.prologue
                0x00000000        0x0 e:/as/7.0/toolchain/avr8/avr8-gnu-toolchain/bin/../lib/gcc/avr/5.4.0/avr5\libgcc.a(_tablejump2.o)
 .text.libgcc.builtins
                0x00000000        0x0 e:/as/7.0/toolchain/avr8/avr8-gnu-toolchain/bin/../lib/gcc/avr/5.4.0/avr5\libgcc.a(_tablejump2.o)
 .text.libgcc.fmul
                0x00000000        0x0 e:/as/7.0/toolchain/avr8/avr8-gnu-toolchain/bin/../lib/gcc/avr/5.4.0/avr5\libgcc.a(_tablejump2.o)
 .text.libgcc.fixed
                0x00000000        0x0 e:/as/7.0/toolchain/avr8/avr8-gnu-toolchain/bin/../lib/gcc/avr/5.4.0/avr5\libgcc.a(_tablejump2.o)
 .text          0x00000000        0x0 e:/as/7.0/toolchain/avr8/avr8-gnu-toolchain/bin/../lib/gcc/avr/5.4.0/avr5\libgcc.a(_copy_data.o)
 .data          0x00000000        0x0 e:/as/7.0/toolchain/avr8/avr8-gnu-toolchain/bin/../lib/gcc/avr/5.4.0/avr5\libgcc.a(_copy_data.o)
 .bss           0x00000000        0x0 e:/as/7.0/toolchain/avr8/avr8-gnu-toolchain/bin/../lib/gcc/avr/5.4.0/avr5\libgcc.a(_copy_data.o)
 .text.libgcc.mul
                0x00000000        0x0 e:/as/7.0/toolchain/avr8/avr8-gnu-toolchain/bin/../lib/gcc/avr/5.4.0/avr5\libgcc.a(_copy_data.o)
 .text.libgcc.div
                0x00000000        0x0 e:/as/7.0/toolchain/avr8/avr8-gnu-toolchain/bin/../lib/gcc/avr/5.4.0/avr5\libgcc.a(_copy_data.o)
 .text.libgcc   0x00000000        0x0 e:/as/7.0/toolchain/avr8/avr8-gnu-toolchain/bin/../lib/gcc/avr/5.4.0/avr5\libgcc.a(_copy_data.o)
 .text.libgcc.prologue
                0x00000000        0x0 e:/as/7.0/toolchain/avr8/avr8-gnu-toolchain/bin/../lib/gcc/avr/5.4.0/avr5\libgcc.a(_copy_data.o)
 .text.libgcc.builtins
                0x00000000        0x0 e:/as/7.0/toolchain/avr8/avr8-gnu-toolchain/bin/../lib/gcc/avr/5.4.0/avr5\libgcc.a(_copy_data.o)
 .text.libgcc.fmul
                0x00000000        0x0 e:/as/7.0/toolchain/avr8/avr8-gnu-toolchain/bin/../lib/gcc/avr/5.4.0/avr5\libgcc.a(_copy_data.o)
 .text.libgcc.fixed
                0x00000000        0x0 e:/as/7.0/toolchain/avr8/avr8-gnu-toolchain/bin/../lib/gcc/avr/5.4.0/avr5\libgcc.a(_copy_data.o)
 .text          0x00000000        0x0 e:/as/7.0/toolchain/avr8/avr8-gnu-toolchain/bin/../lib/gcc/avr/5.4.0/avr5\libgcc.a(_clear_bss.o)
 .data          0x00000000        0x0 e:/as/7.0/toolchain/avr8/avr8-gnu-toolchain/bin/../lib/gcc/avr/5.4.0/avr5\libgcc.a(_clear_bss.o)
 .bss           0x00000000        0x0 e:/as/7.0/toolchain/avr8/avr8-gnu-toolchain/bin/../lib/gcc/avr/5.4.0/avr5\libgcc.a(_clear_bss.o)
 .text.libgcc.mul
                0x00000000        0x0 e:/as/7.0/toolchain/avr8/avr8-gnu-toolchain/bin/../lib/gcc/avr/5.4.0/avr5\libgcc.a(_clear_bss.o)
 .text.libgcc.div
                0x00000000        0x0 e:/as/7.0/toolchain/avr8/avr8-gnu-toolchain/bin/../lib/gcc/avr/5.4.0/avr5\libgcc.a(_clear_bss.o)
 .text.libgcc   0x00000000        0x0 e:/as/7.0/toolchain/avr8/avr8-gnu-toolchain/bin/../lib/gcc/avr/5.4.0/avr5\libgcc.a(_clear_bss.o)
 .text.libgcc.prologue
                0x00000000        0x0 e:/as/7.0/toolchain/avr8/avr8-gnu-toolchain/bin/../lib/gcc/avr/5.4.0/avr5\libgcc.a(_clear_bss.o)
 .text.libgcc.builtins
                0x00000000        0x0 e:/as/7.0/toolchain/avr8/avr8-gnu-toolchain/bin/../lib/gcc/avr/5.4.0/avr5\libgcc.a(_clear_bss.o)
 .text.libgcc.fmul
                0x00000000        0x0 e:/as/7.0/toolchain/avr8/avr8-gnu-toolchain/bin/../lib/gcc/avr/5.4.0/avr5\libgcc.a(_clear_bss.o)
 .text.libgcc.fixed
                0x00000000        0x0 e:/as/7.0/toolchain/avr8/avr8-gnu-toolchain/bin/../lib/gcc/avr/5.4.0/avr5\libgcc.a(_clear_bss.o)
 .text          0x00000000        0x0 e:/as/7.0/toolchain/avr8/avr8-gnu-toolchain/bin/../lib/gcc/avr/5.4.0/avr5\libgcc.a(_muluhisi3.o)
 .data          0x00000000        0x0 e:/as/7.0/toolchain/avr8/avr8-gnu-toolchain/bin/../lib/gcc/avr/5.4.0/avr5\libgcc.a(_muluhisi3.o)
 .bss           0x00000000        0x0 e:/as/7.0/toolchain/avr8/avr8-gnu-toolchain/bin/../lib/gcc/avr/5.4.0/avr5\libgcc.a(_muluhisi3.o)
 .text.libgcc.mul
                0x00000000       0x16 e:/as/7.0/toolchain/avr8/avr8-gnu-toolchain/bin/../lib/gcc/avr/5.4.0/avr5\libgcc.a(_muluhisi3.o)
 .text.libgcc.div
                0x00000000        0x0 e:/as/7.0/toolchain/avr8/avr8-gnu-toolchain/bin/../lib/gcc/avr/5.4.0/avr5\libgcc.a(_muluhisi3.o)
 .text.libgcc   0x00000000        0x0 e:/as/7.0/toolchain/avr8/avr8-gnu-toolchain/bin/../lib/gcc/avr/5.4.0/avr5\libgcc.a(_muluhisi3.o)
 .text.libgcc.prologue
                0x00000000        0x0 e:/as/7.0/toolchain/avr8/avr8-gnu-toolchain/bin/../lib/gcc/avr/5.4.0/avr5\libgcc.a(_muluhisi3.o)
 .text.libgcc.builtins
                0x00000000        0x0 e:/as/7.0/toolchain/avr8/avr8-gnu-toolchain/bin/../lib/gcc/avr/5.4.0/avr5\libgcc.a(_muluhisi3.o)
 .text.libgcc.fmul
                0x00000000        0x0 e:/as/7.0/toolchain/avr8/avr8-gnu-toolchain/bin/../lib/gcc/avr/5.4.0/avr5\libgcc.a(_muluhisi3.o)
 .text.libgcc.fixed
                0x00000000        0x0 e:/as/7.0/toolchain/avr8/avr8-gnu-toolchain/bin/../lib/gcc/avr/5.4.0/avr5\libgcc.a(_muluhisi3.o)
 .text          0x00000000        0x0 e:/as/7.0/toolchain/avr8/avr8-gnu-toolchain/bin/../lib/gcc/avr/5.4.0/avr5\libgcc.a(_udivmodhi4.o)
 .data          0x00000000        0x0 e:/as/7.0/toolchain/avr8/avr8-gnu-toolchain/bin/../lib/gcc/avr/5.4.0/avr5\libgcc.a(_udivmodhi4.o)
 .bss           0x00000000        0x0 e:/as/7.0/toolchain/avr8/avr8-gnu-toolchain/bin/../lib/gcc/avr/5.4.0/avr5\libgcc.a(_udivmodhi4.o)
 .text.libgcc.mul
                0x00000000        0x0 e:/as/7.0/toolchain/avr8/avr8-gnu-toolchain/bin/../lib/gcc/avr/5.4.0/avr5\libgcc.a(_udivmodhi4.o)
 .text.libgcc.div
                0x00000000       0x28 e:/as/7.0/toolchain/avr8/avr8-gnu-toolchain/bin/../lib/gcc/avr/5.4.0/avr5\libgcc.a(_udivmodhi4.o)
 .text.libgcc   0x00000000        0x0 e:/as/7.0/toolchain/avr8/avr8-gnu-toolchain/bin/../lib/gcc/avr/5.4.0/avr5\libgcc.a(_udivmodhi4.o)
 .text.libgcc.prologue
                0x00000000        0x0 e:/as/7.0/toolchain/avr8/avr8-gnu-toolchain/bin/../lib/gcc/avr/5.4.0/avr5\libgcc.a(_udivmodhi4.o)
 .text.libgcc.builtins
                0x00000000        0x0 e:/as/7.0/toolchain/avr8/avr8-gnu-toolchain/bin/../lib/gcc/avr/5.4.0/avr5\libgcc.a(_udivmodhi4.o)
 .text.libgcc.fmul
                0x00000000        0x0 e:/as/7.0/toolchain/avr8/avr8-gnu-toolchain/bin/../lib/gcc/avr/5.4.0/avr5\libgcc.a(_udivmodhi4.o)
 .text.libgcc.fixed
                0x00000000        0x0 e:/as/7.0/toolchain/avr8/avr8-gnu-toolchain/bin/../lib/gcc/avr/5.4.0/avr5\libgcc.a(_udivmodhi4.o)
 .text          0x00000000        0x0 e:/as/7.0/toolchain/avr8/avr8-gnu-toolchain/bin/../lib/gcc/avr/5.4.0/avr5\libgcc.a(_umulhisi3.o)
 .data          0x00000000        0x0 e:/as/7.0/toolchain/avr8/avr8-gnu-toolchain/bin/../lib/gcc/avr/5.4.0/avr5\libgcc.a(_umulhisi3.o)
 .bss           0x00000000        0x0 e:/as/7.0/toolchain/avr8/avr8-gnu-toolchain/bin/../lib/gcc/avr/5.4.0/avr5\libgcc.a(_umulhisi3.o)
 .text.libgcc.mul
                0x00000000       0x1e e:/as/7.0/toolchain/avr8/avr8-gnu-toolchain/bin/../lib/gcc/avr/5.4.0/avr5\libgcc.a(_umulhisi3.o)
 .text.libgcc.div
                0x00000000        0x0 e:/as/7.0/toolchain/avr8/avr8-gnu-toolchain/bin/../lib/gcc/avr/5.4.0/avr5\libgcc.a(_umulhisi3.o)
 .text.libgcc   0x00000000        0x0 e:/as/7.0/toolchain/avr8/avr8-gnu-toolchain/bin/../lib/gcc/avr/5.4.0/avr5\libgcc.a(_umulhisi3.o)
 .text.libgcc.prologue
                0x00000000        0x0 e:/as/7.0/toolchain/avr8/avr8-gnu-toolchain/bin/../lib/gcc/avr/5.4.0/avr5\libgcc.a(_umulhisi3.o)
 .text.libgcc.builtins
                0x00000000        0x0 e:/as/7.0/toolchain/avr8/avr8-gnu-toolchain/bin/../lib/gcc/avr/5.4.0/avr5\libgcc.a(_umulhisi3.o)
 .text.libgcc.fmul
                0x00000000        0x0 e:/as/7.0/toolchain/avr8/avr8-gnu-toolchain/bin/../lib/gcc/avr/5.4.0/avr5\libgcc.a(_umulhisi3.o)
 .text.libgcc.fixed
                0x00000000        0x0 e:/as/7.0/toolchain/avr8/avr8-gnu-toolchain/bin/../lib/gcc/avr/5.4.0/avr5\libgcc.a(_umulhisi3.o)
 .text          0x00000000        0x0 e:/as/7.0/toolchain/avr8/avr8-gnu-toolchain/bin/../lib/gcc/avr/5.4.0/../../../../avr/lib/avr5\libc.a(ltoa_ncheck.o)
 .data          0x00000000        0x0 e:/as/7.0/toolchain/avr8/avr8-gnu-toolchain/bin/../lib/gcc/avr/5.4.0/../../../../avr/lib/avr5\libc.a(ltoa_ncheck.o)
 .bss           0x00000000        0x0 e:/as/7.0/toolchain/avr8/avr8-gnu-toolchain/bin/../lib/gcc/avr/5.4.0/../../../../avr/lib/avr5\libc.a(ltoa_ncheck.o)
 .text.avr-libc
                0x00000000       0x1e e:/as/7.0/toolchain/avr8/avr8-gnu-toolchain/bin/../lib/gcc/avr/5.4.0/../../../../avr/lib/avr5\libc.a(ltoa_ncheck.o)
 .text          0x00000000        0x0 e:/as/7.0/toolchain/avr8/avr8-gnu-toolchain/bin/../lib/gcc/avr/5.4.0/../../../../avr/lib/avr5\libc.a(ultoa_ncheck.o)
 .data          0x00000000        0x0 e:/as/7.0/toolchain/avr8/avr8-gnu-toolchain/bin/../lib/gcc/avr/5.4.0/../../../../avr/lib/avr5\libc.a(ultoa_ncheck.o)
 .bss           0x00000000        0x0 e:/as/7.0/toolchain/avr8/avr8-gnu-toolchain/bin/../lib/gcc/avr/5.4.0/../../../../avr/lib/avr5\libc.a(ultoa_ncheck.o)
 .text.avr-libc
                0x00000000       0x44 e:/as/7.0/toolchain/avr8/avr8-gnu-toolchain/bin/../lib/gcc/avr/5.4.0/../../../../avr/lib/avr5\libc.a(ultoa_ncheck.o)
 .text          0x00000000        0x0 e:/as/7.0/toolchain/avr8/avr8-gnu-toolchain/bin/../lib/gcc/avr/5.4.0/../../../../avr/lib/avr5\libc.a(strrev.o)
 .data          0x00000000        0x0 e:/as/7.0/toolchain/avr8/avr8-gnu-toolchain/bin/../lib/gcc/avr/5.4.0/../../../../avr/lib/avr5\libc.a(strrev.o)
 .bss           0x00000000        0x0 e:/as/7.0/toolchain/avr8/avr8-gnu-toolchain/bin/../lib/gcc/avr/5.4.0/../../../../avr/lib/avr5\libc.a(strrev.o)
 .text.avr-libc
                0x00000000       0x20 e:/as/7.0/toolchain/avr8/avr8-gnu-toolchain/bin/../lib/gcc/avr/5.4.0/../../../../avr/lib/avr5\libc.a(strrev.o)

Memory Configuration

Name             Origin             Length             Attributes
text             0x00000000         0x00008000         xr
data             0x00800060         0x00000800         rw !x
eeprom           0x00810000         0x00000400         rw !x
fuse             0x00820000         0x00000002         rw !x
lock             0x00830000         0x00000400         rw !x
signature        0x00840000         0x00000400         rw !x
user_signatures  0x00850000         0x00000400         rw !x
*default*        0x00000000         0xffffffff

Linker script and memory map

LOAD E:/AS/7.0/Packs/atmel/ATmega_DFP/1.7.374/gcc/dev/atmega32/avr5/crtatmega32.o
LOAD APP/Main/main.o
LOAD HAL/7-segment/sevseg_interface.o
LOAD HAL/button/button0/button0_interface.o
LOAD HAL/button/button1/button1_interface.o
LOAD HAL/button/button2/button2_interface.o
LOAD HAL/Buzzer/BUZZER_interface.o
LOAD HAL/KEYPAD/KEYPAD_interface.o
LOAD HAL/LCD/LCD_interface.o
LOAD HAL/LED/LEDD_interface.o
LOAD HAL/MOTOR/DC/DC_interface.o
LOAD HAL/MOTOR/SERVO/SERVO_interface.o
LOAD HAL/Ultrasonic/Ultrasonic_interface.o
LOAD MCAL/ADC/ADC_interface.o
LOAD MCAL/COMMUNICATION/SPI/SPI_interface.o
LOAD MCAL/COMMUNICATION/UART/UART_interface.o
LOAD MCAL/DIO/DIO_interface.o
LOAD MCAL/Interrupt/Interrupt_interface.o
LOAD MCAL/TIMER0/CTC/CTC_interface.o
LOAD MCAL/TIMER0/FPWM/FPWM_interface.o
LOAD MCAL/TIMER0/OVF/OVF_interface.o
LOAD MCAL/TIMER0/WDIT/WDT_interface.o
LOAD MCAL/TIMER1/TIMER1_interface.o
START GROUP
LOAD e:/as/7.0/toolchain/avr8/avr8-gnu-toolchain/bin/../lib/gcc/avr/5.4.0/../../../../avr/lib/avr5\libm.a
END GROUP
START GROUP
LOAD e:/as/7.0/toolchain/avr8/avr8-gnu-toolchain/bin/../lib/gcc/avr/5.4.0/avr5\libgcc.a
LOAD e:/as/7.0/toolchain/avr8/avr8-gnu-toolchain/bin/../lib/gcc/avr/5.4.0/../../../../avr/lib/avr5\libm.a
LOAD e:/as/7.0/toolchain/avr8/avr8-gnu-toolchain/bin/../lib/gcc/avr/5.4.0/../../../../avr/lib/avr5\libc.a
LOAD E:/AS/7.0/Packs/atmel/ATmega_DFP/1.7.374/gcc/dev/atmega32/avr5\libatmega32.a
END GROUP
                0x00000000                __TEXT_REGION_ORIGIN__ = DEFINED (__TEXT_REGION_ORIGIN__)?__TEXT_REGION_ORIGIN__:0x0
                [0x00800060]                __DATA_REGION_ORIGIN__ = DEFINED (__DATA_REGION_ORIGIN__)?__DATA_REGION_ORIGIN__:0x800060
                [0x00008000]                __TEXT_REGION_LENGTH__ = DEFINED (__TEXT_REGION_LENGTH__)?__TEXT_REGION_LENGTH__:0x20000
                [0x00000800]                __DATA_REGION_LENGTH__ = DEFINED (__DATA_REGION_LENGTH__)?__DATA_REGION_LENGTH__:0xffa0
                [0x00000400]                __EEPROM_REGION_LENGTH__ = DEFINED (__EEPROM_REGION_LENGTH__)?__EEPROM_REGION_LENGTH__:0x10000
                [0x00000002]                __FUSE_REGION_LENGTH__ = DEFINED (__FUSE_REGION_LENGTH__)?__FUSE_REGION_LENGTH__:0x400
                0x00000400                __LOCK_REGION_LENGTH__ = DEFINED (__LOCK_REGION_LENGTH__)?__LOCK_REGION_LENGTH__:0x400
                0x00000400                __SIGNATURE_REGION_LENGTH__ = DEFINED (__SIGNATURE_REGION_LENGTH__)?__SIGNATURE_REGION_LENGTH__:0x400
                0x00000400                __USER_SIGNATURE_REGION_LENGTH__ = DEFINED (__USER_SIGNATURE_REGION_LENGTH__)?__USER_SIGNATURE_REGION_LENGTH__:0x400

.hash
 *(.hash)

.dynsym
 *(.dynsym)

.dynstr
 *(.dynstr)

.gnu.version
 *(.gnu.version)

.gnu.version_d
 *(.gnu.version_d)

.gnu.version_r
 *(.gnu.version_r)

.rel.init
 *(.rel.init)

.rela.init
 *(.rela.init)

.rel.text
 *(.rel.text)
 *(.rel.text.*)
 *(.rel.gnu.linkonce.t*)

.rela.text
 *(.rela.text)
 *(.rela.text.*)
 *(.rela.gnu.linkonce.t*)

.rel.fini
 *(.rel.fini)

.rela.fini
 *(.rela.fini)

.rel.rodata
 *(.rel.rodata)
 *(.rel.rodata.*)
 *(.rel.gnu.linkonce.r*)

.rela.rodata
 *(.rela.rodata)
 *(.rela.rodata.*)
 *(.rela.gnu.linkonce.r*)

.rel.data
 *(.rel.data)
 *(.rel.data.*)
 *(.rel.gnu.linkonce.d*)

.rela.data
 *(.rela.data)
 *(.rela.data.*)
 *(.rela.gnu.linkonce.d*)

.rel.ctors
 *(.rel.ctors)

.rela.ctors
 *(.rela.ctors)

.rel.dtors
 *(.rel.dtors)

.rela.dtors
 *(.rela.dtors)

.rel.got
 *(.rel.got)

.rela.got
 *(.rela.got)

.rel.bss
 *(.rel.bss)

.rela.bss
 *(.rela.bss)

.rel.plt
 *(.rel.plt)

.rela.plt
 *(.rela.plt)

.text           0x00000000      0x80c
 *(.vectors)
 .vectors       0x00000000       0x54 E:/AS/7.0/Packs/atmel/ATmega_DFP/1.7.374/gcc/dev/atmega32/avr5/crtatmega32.o
                0x00000000                __vector_default
                0x00000000                __vectors
 *(.vectors)
 *(.progmem.gcc*)
                0x00000054                . = ALIGN (0x2)
                0x00000054                __trampolines_start = .
 *(.trampolines)
 .trampolines   0x00000054        0x0 linker stubs
 *(.trampolines*)
                0x00000054                __trampolines_end = .
 *libprintf_flt.a:*(.progmem.data)
 *libc.a:*(.progmem.data)
 *(.progmem*)
                0x00000054                . = ALIGN (0x2)
 *(.jumptables)
 *(.jumptables*)
 *(.lowtext)
 *(.lowtext*)
                0x00000054                __ctors_start = .
 *(.ctors)
                0x00000054                __ctors_end = .
                0x00000054                __dtors_start = .
 *(.dtors)
                0x00000054                __dtors_end = .
 SORT(*)(.ctors)
 SORT(*)(.dtors)
 *(.init0)
 .init0         0x00000054        0x0 E:/AS/7.0/Packs/atmel/ATmega_DFP/1.7.374/gcc/dev/atmega32/avr5/crtatmega32.o
                0x00000054                __init
 *(.init0)
 *(.init1)
 *(.init1)
 *(.init2)
 .init2         0x00000054        0xc E:/AS/7.0/Packs/atmel/ATmega_DFP/1.7.374/gcc/dev/atmega32/avr5/crtatmega32.o
 *(.init2)
 *(.init3)
 *(.init3)
 *(.init4)
 .init4         0x00000060       0x16 e:/as/7.0/toolchain/avr8/avr8-gnu-toolchain/bin/../lib/gcc/avr/5.4.0/avr5\libgcc.a(_copy_data.o)
                0x00000060                __do_copy_data
 .init4         0x00000076       0x10 e:/as/7.0/toolchain/avr8/avr8-gnu-toolchain/bin/../lib/gcc/avr/5.4.0/avr5\libgcc.a(_clear_bss.o)
                0x00000076                __do_clear_bss
 *(.init4)
 *(.init5)
 *(.init5)
 *(.init6)
 *(.init6)
 *(.init7)
 *(.init7)
 *(.init8)
 *(.init8)
 *(.init9)
 .init9         0x00000086        0x8 E:/AS/7.0/Packs/atmel/ATmega_DFP/1.7.374/gcc/dev/atmega32/avr5/crtatmega32.o
 *(.init9)
 *(.text)
 .text          0x0000008e        0x4 E:/AS/7.0/Packs/atmel/ATmega_DFP/1.7.374/gcc/dev/atmega32/avr5/crtatmega32.o
                0x0000008e                __vector_1
                0x0000008e                __vector_12
                0x0000008e                __bad_interrupt
                0x0000008e                __vector_6
                0x0000008e                __vector_3
                0x0000008e                __vector_11
                0x0000008e                __vector_13
                0x0000008e                __vector_17
                0x0000008e                __vector_19
                0x0000008e                __vector_7
                0x0000008e                __vector_5
                0x0000008e                __vector_4
                0x0000008e                __vector_2
                0x0000008e                __vector_15
                0x0000008e                __vector_8
                0x0000008e                __vector_14
                0x0000008e                __vector_10
                0x0000008e                __vector_16
                0x0000008e                __vector_18
                0x0000008e                __vector_20
                0x00000092                . = ALIGN (0x2)
 *(.text.*)
 .text.__vector_9
                0x00000092       0x2e APP/Main/main.o
                0x00000092                __vector_9
 .text.main     0x000000c0      0x14c APP/Main/main.o
                0x000000c0                main
 .text.LED_intialize
                0x0000020c       0x32 HAL/LED/LEDD_interface.o
                0x0000020c                LED_intialize
 .text.LED_ON   0x0000023e       0x32 HAL/LED/LEDD_interface.o
                0x0000023e                LED_ON
 .text.LED_OFF  0x00000270       0x32 HAL/LED/LEDD_interface.o
                0x00000270                LED_OFF
 .text.Motor_intialization
                0x000002a2       0x3e HAL/MOTOR/DC/DC_interface.o
                0x000002a2                Motor_intialization
 .text.Motor_ON
                0x000002e0       0x90 HAL/MOTOR/DC/DC_interface.o
                0x000002e0                Motor_ON
 .text.Motor_OFF
                0x00000370       0x4a HAL/MOTOR/DC/DC_interface.o
                0x00000370                Motor_OFF
 .text.Servo_intialize
                0x000003ba       0x3a HAL/MOTOR/SERVO/SERVO_interface.o
                0x000003ba                Servo_intialize
 .text.DIO_SET_PinDirection
                0x000003f4       0xdc MCAL/DIO/DIO_interface.o
                0x000003f4                DIO_SET_PinDirection
 .text.DIO_SET_PinValue
                0x000004d0       0xdc MCAL/DIO/DIO_interface.o
                0x000004d0                DIO_SET_PinValue
 .text.avr-libc.fplib
                0x000005ac        0xa e:/as/7.0/toolchain/avr8/avr8-gnu-toolchain/bin/../lib/gcc/avr/5.4.0/../../../../avr/lib/avr5\libm.a(cmpsf2.o)
                0x000005ac                __nesf2
                0x000005ac                __eqsf2
                0x000005ac                __cmpsf2
                0x000005ac                __ltsf2
                0x000005ac                __lesf2
 .text.avr-libc.fplib
                0x000005b6        0x8 e:/as/7.0/toolchain/avr8/avr8-gnu-toolchain/bin/../lib/gcc/avr/5.4.0/../../../../avr/lib/avr5\libm.a(divsf3.o)
                0x000005b6                __divsf3
 .text.avr-libc.fplib
                0x000005be       0xdc e:/as/7.0/toolchain/avr8/avr8-gnu-toolchain/bin/../lib/gcc/avr/5.4.0/../../../../avr/lib/avr5\libm.a(divsf3x.o)
                0x000005de                __divsf3x
                0x000005e4                __divsf3_pse
 .text.avr-libc.fplib
                0x0000069a       0x7a e:/as/7.0/toolchain/avr8/avr8-gnu-toolchain/bin/../lib/gcc/avr/5.4.0/../../../../avr/lib/avr5\libm.a(floatsisf.o)
                0x0000069a                __floatunsisf
                0x0000069e                __floatsisf
 .text.avr-libc.fplib
                0x00000714       0x48 e:/as/7.0/toolchain/avr8/avr8-gnu-toolchain/bin/../lib/gcc/avr/5.4.0/../../../../avr/lib/avr5\libm.a(fp_cmp.o)
                0x00000714                __fp_cmp
 .text.avr-libc.fplib
                0x0000075c        0xc e:/as/7.0/toolchain/avr8/avr8-gnu-toolchain/bin/../lib/gcc/avr/5.4.0/../../../../avr/lib/avr5\libm.a(fp_inf.o)
                0x0000075c                __fp_inf
 .text.avr-libc.fplib
                0x00000768        0x6 e:/as/7.0/toolchain/avr8/avr8-gnu-toolchain/bin/../lib/gcc/avr/5.4.0/../../../../avr/lib/avr5\libm.a(fp_nan.o)
                0x00000768                __fp_nan
 .text.avr-libc.fplib
                0x0000076e        0xe e:/as/7.0/toolchain/avr8/avr8-gnu-toolchain/bin/../lib/gcc/avr/5.4.0/../../../../avr/lib/avr5\libm.a(fp_pscA.o)
                0x0000076e                __fp_pscA
 .text.avr-libc.fplib
                0x0000077c        0xe e:/as/7.0/toolchain/avr8/avr8-gnu-toolchain/bin/../lib/gcc/avr/5.4.0/../../../../avr/lib/avr5\libm.a(fp_pscB.o)
                0x0000077c                __fp_pscB
 .text.avr-libc.fplib
                0x0000078a       0x22 e:/as/7.0/toolchain/avr8/avr8-gnu-toolchain/bin/../lib/gcc/avr/5.4.0/../../../../avr/lib/avr5\libm.a(fp_round.o)
                0x0000078a                __fp_round
 .text.avr-libc.fplib
                0x000007ac       0x44 e:/as/7.0/toolchain/avr8/avr8-gnu-toolchain/bin/../lib/gcc/avr/5.4.0/../../../../avr/lib/avr5\libm.a(fp_split3.o)
                0x000007ac                __fp_split3
                0x000007bc                __fp_splitA
 .text.avr-libc.fplib
                0x000007f0        0xe e:/as/7.0/toolchain/avr8/avr8-gnu-toolchain/bin/../lib/gcc/avr/5.4.0/../../../../avr/lib/avr5\libm.a(fp_zero.o)
                0x000007f0                __fp_zero
                0x000007f2                __fp_szero
 .text.avr-libc.fplib
                0x000007fe        0xa e:/as/7.0/toolchain/avr8/avr8-gnu-toolchain/bin/../lib/gcc/avr/5.4.0/../../../../avr/lib/avr5\libm.a(gesf2.o)
                0x000007fe                __gesf2
                0x000007fe                __gtsf2
                0x00000808                . = ALIGN (0x2)
 *(.fini9)
 .fini9         0x00000808        0x0 e:/as/7.0/toolchain/avr8/avr8-gnu-toolchain/bin/../lib/gcc/avr/5.4.0/avr5\libgcc.a(_exit.o)
                0x00000808                _exit
                0x00000808                exit
 *(.fini9)
 *(.fini8)
 *(.fini8)
 *(.fini7)
 *(.fini7)
 *(.fini6)
 *(.fini6)
 *(.fini5)
 *(.fini5)
 *(.fini4)
 *(.fini4)
 *(.fini3)
 *(.fini3)
 *(.fini2)
 *(.fini2)
 *(.fini1)
 *(.fini1)
 *(.fini0)
 .fini0         0x00000808        0x4 e:/as/7.0/toolchain/avr8/avr8-gnu-toolchain/bin/../lib/gcc/avr/5.4.0/avr5\libgcc.a(_exit.o)
 *(.fini0)
                0x0000080c                _etext = .

.data           0x00800060        0x0 load address 0x0000080c
                0x00800060                PROVIDE (__data_start, .)
 *(.data)
 *(.data*)
 *(.gnu.linkonce.d*)
 *(.rodata)
 *(.rodata*)
 *(.gnu.linkonce.r*)
                0x00800060                . = ALIGN (0x2)
                0x00800060                _edata = .
                0x00800060                PROVIDE (__data_end, .)

.bss            0x00800060        0x2
                0x00800060                PROVIDE (__bss_start, .)
 *(.bss)
 *(.bss*)
 .bss.TimerOverflow
                0x00800060        0x2 APP/Main/main.o
                0x00800060                TimerOverflow
 *(COMMON)
                0x00800062                PROVIDE (__bss_end, .)
                0x0000080c                __data_load_start = LOADADDR (.data)
                0x0000080c                __data_load_end = (__data_load_start + SIZEOF (.data))

.noinit         0x00800062        0x0
                [!provide]                PROVIDE (__noinit_start, .)
 *(.noinit*)
                [!provide]                PROVIDE (__noinit_end, .)
                0x00800062                _end = .
                [!provide]                PROVIDE (__heap_start, .)

.eeprom         0x00810000        0x0
 *(.eeprom*)
                0x00810000                __eeprom_end = .

.fuse
 *(.fuse)
 *(.lfuse)
 *(.hfuse)
 *(.efuse)

.lock
 *(.lock*)

.signature
 *(.signature*)

.user_signatures
 *(.user_signatures*)

.stab
 *(.stab)

.stabstr
 *(.stabstr)

.stab.excl
 *(.stab.excl)

.stab.exclstr
 *(.stab.exclstr)

.stab.index
 *(.stab.index)

.stab.indexstr
 *(.stab.indexstr)

.comment        0x00000000       0x30
 *(.comment)
 .comment       0x00000000       0x30 APP/Main/main.o
                                 0x31 (size before relaxing)
 .comment       0x00000030       0x31 HAL/LED/LEDD_interface.o
 .comment       0x00000030       0x31 HAL/MOTOR/DC/DC_interface.o
 .comment       0x00000030       0x31 HAL/MOTOR/SERVO/SERVO_interface.o
 .comment       0x00000030       0x31 MCAL/DIO/DIO_interface.o

.note.gnu.avr.deviceinfo
                0x00000000       0x3c
 .note.gnu.avr.deviceinfo
                0x00000000       0x3c E:/AS/7.0/Packs/atmel/ATmega_DFP/1.7.374/gcc/dev/atmega32/avr5/crtatmega32.o

.note.gnu.build-id
 *(.note.gnu.build-id)

.debug
 *(.debug)

.line
 *(.line)

.debug_srcinfo
 *(.debug_srcinfo)

.debug_sfnames
 *(.debug_sfnames)

.debug_aranges  0x00000000       0xf8
 *(.debug_aranges)
 .debug_aranges
                0x00000000       0x28 APP/Main/main.o
 .debug_aranges
                0x00000028       0x38 HAL/LED/LEDD_interface.o
 .debug_aranges
                0x00000060       0x30 HAL/MOTOR/DC/DC_interface.o
 .debug_aranges
                0x00000090       0x28 HAL/MOTOR/SERVO/SERVO_interface.o
 .debug_aranges
                0x000000b8       0x40 MCAL/DIO/DIO_interface.o

.debug_pubnames
 *(.debug_pubnames)

.debug_info     0x00000000     0x144b
 *(.debug_info .gnu.linkonce.wi.*)
 .debug_info    0x00000000      0x4e6 E:/AS/7.0/Packs/atmel/ATmega_DFP/1.7.374/gcc/dev/atmega32/avr5/crtatmega32.o
 .debug_info    0x000004e6      0x485 APP/Main/main.o
 .debug_info    0x0000096b      0x31e HAL/LED/LEDD_interface.o
 .debug_info    0x00000c89      0x464 HAL/MOTOR/DC/DC_interface.o
 .debug_info    0x000010ed       0xd0 HAL/MOTOR/SERVO/SERVO_interface.o
 .debug_info    0x000011bd      0x28e MCAL/DIO/DIO_interface.o

.debug_abbrev   0x00000000      0x8fc
 *(.debug_abbrev)
 .debug_abbrev  0x00000000      0x4a3 E:/AS/7.0/Packs/atmel/ATmega_DFP/1.7.374/gcc/dev/atmega32/avr5/crtatmega32.o
 .debug_abbrev  0x000004a3      0x199 APP/Main/main.o
 .debug_abbrev  0x0000063c       0xa3 HAL/LED/LEDD_interface.o
 .debug_abbrev  0x000006df       0xca HAL/MOTOR/DC/DC_interface.o
 .debug_abbrev  0x000007a9       0x78 HAL/MOTOR/SERVO/SERVO_interface.o
 .debug_abbrev  0x00000821       0xdb MCAL/DIO/DIO_interface.o

.debug_line     0x00000000      0x9c9
 *(.debug_line .debug_line.* .debug_line_end)
 .debug_line    0x00000000      0x116 E:/AS/7.0/Packs/atmel/ATmega_DFP/1.7.374/gcc/dev/atmega32/avr5/crtatmega32.o
 .debug_line    0x00000116      0x2ac APP/Main/main.o
 .debug_line    0x000003c2      0x13d HAL/LED/LEDD_interface.o
 .debug_line    0x000004ff      0x170 HAL/MOTOR/DC/DC_interface.o
 .debug_line    0x0000066f       0xce HAL/MOTOR/SERVO/SERVO_interface.o
 .debug_line    0x0000073d      0x28c MCAL/DIO/DIO_interface.o

.debug_frame    0x00000000      0x194
 *(.debug_frame)
 .debug_frame   0x00000000       0x48 APP/Main/main.o
 .debug_frame   0x00000048       0x54 HAL/LED/LEDD_interface.o
 .debug_frame   0x0000009c       0x4c HAL/MOTOR/DC/DC_interface.o
 .debug_frame   0x000000e8       0x48 HAL/MOTOR/SERVO/SERVO_interface.o
 .debug_frame   0x00000130       0x64 MCAL/DIO/DIO_interface.o

.debug_str      0x00000000      0x60b
 *(.debug_str)
 .debug_str     0x00000000      0x196 E:/AS/7.0/Packs/atmel/ATmega_DFP/1.7.374/gcc/dev/atmega32/avr5/crtatmega32.o
 .debug_str     0x00000196      0x2b5 APP/Main/main.o
                                0x2e9 (size before relaxing)
 .debug_str     0x0000044b       0xb1 HAL/LED/LEDD_interface.o
                                0x2ac (size before relaxing)
 .debug_str     0x000004fc       0x57 HAL/MOTOR/DC/DC_interface.o
                                0x2e3 (size before relaxing)
 .debug_str     0x00000553       0x38 HAL/MOTOR/SERVO/SERVO_interface.o
                                0x1ef (size before relaxing)
 .debug_str     0x0000058b       0x80 MCAL/DIO/DIO_interface.o
                                0x2eb (size before relaxing)

.debug_loc      0x00000000      0x7e9
 *(.debug_loc)
 .debug_loc     0x00000000      0x184 APP/Main/main.o
 .debug_loc     0x00000184      0x188 HAL/LED/LEDD_interface.o
 .debug_loc     0x0000030c       0xd8 HAL/MOTOR/DC/DC_interface.o
 .debug_loc     0x000003e4       0x8d HAL/MOTOR/SERVO/SERVO_interface.o
 .debug_loc     0x00000471      0x378 MCAL/DIO/DIO_interface.o

.debug_macinfo
 *(.debug_macinfo)

.debug_weaknames
 *(.debug_weaknames)

.debug_funcnames
 *(.debug_funcnames)

.debug_typenames
 *(.debug_typenames)

.debug_varnames
 *(.debug_varnames)

.debug_pubtypes
 *(.debug_pubtypes)

.debug_ranges   0x00000000       0xa8
 *(.debug_ranges)
 .debug_ranges  0x00000000       0x18 APP/Main/main.o
 .debug_ranges  0x00000018       0x28 HAL/LED/LEDD_interface.o
 .debug_ranges  0x00000040       0x20 HAL/MOTOR/DC/DC_interface.o
 .debug_ranges  0x00000060       0x18 HAL/MOTOR/SERVO/SERVO_interface.o
 .debug_ranges  0x00000078       0x30 MCAL/DIO/DIO_interface.o

.debug_macro
 *(.debug_macro)
OUTPUT(Interfacing_AMIT_D32.elf elf32-avr)
LOAD linker stubs
